0000A1F0
                                                        altitude	        km	       850.000000000000	           10	        00002134	0000	 0	16	O	O
                                                         vitesse	      km/s	        10.000000000000	           10	        00000064	0002	 0	16	O	O
                                                           poids	        kg	       800.000000000000	           10	        00001F40	0006	 0	16	O	O
                                                           rayon	         m	         5.000000000000	         1000	        00001388	000A	 0	13	O	O
                                                      correction	         m	         1.000000000000	            1	        00000001	000A	13	 1	N	N
                                                          offset	         m	         0.000000000000	            1	        00000000	000A	14	 2	O	O
                                                        psurface	       m^2	        25.500000000000	           10	        000000FF	00F2	 0	 8	O	O
                                                         surface	       m^2	        25.800000000000	          100	        00000A14	00F2	 8	16	O	O
                                                           voile	       m^2	         1.000000000000	          100	        00000064	00F4	 8	 8	O	O
                                                         energie	      Watt	        36.000000000000	          100	        00000E10	0CFA	 0	16	N	N
