021B3000
                                       seuil CAG 400 MHZ Doppler	       s.u	       131.000000000000	            1	        00000083	010C	 0	16	O	O
                                         seuil CAG 2 GHZ Doppler	       s.u	       100.000000000000	            1	        00000064	010E	 0	16	O	O
                                           seuil CAG 400 MHZ IT3	       s.u	       131.000000000000	            1	        00000083	0110	 0	16	O	O
                                             seuil CAG 2 GHZ IT3	       s.u	       100.000000000000	            1	        00000064	0112	 0	16	O	O
